// Jest Snapshot v1, https://goo.gl/fbAQLP

exports[`<App /> should not render the QueryProvider, ThemeProvider, and NavigationProvider components 1`] = `null`;

exports[`<App /> should render the app with the necessary components 1`] = `null`;
